idp005_motion_sensors.c:110:9:IDP005_MOTION_SENSOR_Init	64	static
idp005_motion_sensors.c:171:9:IDP005_MOTION_SENSOR_DeInit	24	static
idp005_motion_sensors.c:197:9:IDP005_MOTION_SENSOR_GetCapabilities	24	static
idp005_motion_sensors.c:223:9:IDP005_MOTION_SENSOR_ReadID	24	static
idp005_motion_sensors.c:252:9:IDP005_MOTION_SENSOR_Enable	24	static
idp005_motion_sensors.c:291:9:IDP005_MOTION_SENSOR_Disable	24	static
idp005_motion_sensors.c:331:9:IDP005_MOTION_SENSOR_GetAxes	32	static
idp005_motion_sensors.c:371:9:IDP005_MOTION_SENSOR_GetAxesRaw	32	static
idp005_motion_sensors.c:411:9:IDP005_MOTION_SENSOR_GetSensitivity	32	static
idp005_motion_sensors.c:452:9:IDP005_MOTION_SENSOR_GetOutputDataRate	32	static
idp005_motion_sensors.c:492:9:IDP005_MOTION_SENSOR_GetFullScale	32	static
idp005_motion_sensors.c:533:9:IDP005_MOTION_SENSOR_SetOutputDataRate	32	static
idp005_motion_sensors.c:573:9:IDP005_MOTION_SENSOR_SetFullScale	32	static
idp005_motion_sensors.c:617:16:ISM330DLC_0_Probe	80	static
idp005_motion_sensors.c:692:16:BSP_ISM330DLC_Init	16	static
idp005_motion_sensors.c:708:16:BSP_ISM330DLC_DeInit	16	static
idp005_motion_sensors.c:728:9:BSP_ISM330DLC_WriteReg	32	static
idp005_motion_sensors.c:760:9:BSP_ISM330DLC_ReadReg	32	static
