idp005_motion_sensors_ex.c:75:9:IDP005_MOTION_SENSOR_Enable_HP_Filter	24	static
idp005_motion_sensors_ex.c:108:9:IDP005_MOTION_SENSOR_Set_INT1_DRDY	24	static
idp005_motion_sensors_ex.c:141:9:IDP005_MOTION_SENSOR_Set_INT2_DRDY	24	static
idp005_motion_sensors_ex.c:174:9:IDP005_MOTION_SENSOR_DRDY_Set_Mode	24	static
idp005_motion_sensors_ex.c:208:9:IDP005_MOTION_SENSOR_Clear_DRDY	32	static
idp005_motion_sensors_ex.c:244:9:IDP005_MOTION_SENSOR_Enable_6D_Orientation	24	static
idp005_motion_sensors_ex.c:276:9:IDP005_MOTION_SENSOR_Disable_6D_Orientation	24	static
idp005_motion_sensors_ex.c:309:9:IDP005_MOTION_SENSOR_Set_6D_Orientation_Threshold	24	static
idp005_motion_sensors_ex.c:343:9:IDP005_MOTION_SENSOR_Enable_Free_Fall_Detection	24	static
idp005_motion_sensors_ex.c:375:9:IDP005_MOTION_SENSOR_Disable_Free_Fall_Detection	24	static
idp005_motion_sensors_ex.c:408:9:IDP005_MOTION_SENSOR_Set_Free_Fall_Threshold	24	static
idp005_motion_sensors_ex.c:441:9:IDP005_MOTION_SENSOR_Set_Free_Fall_Duration	24	static
idp005_motion_sensors_ex.c:475:9:IDP005_MOTION_SENSOR_Enable_Single_Tap_Detection	24	static
idp005_motion_sensors_ex.c:507:9:IDP005_MOTION_SENSOR_Disable_Single_Tap_Detection	24	static
idp005_motion_sensors_ex.c:541:9:IDP005_MOTION_SENSOR_Enable_Double_Tap_Detection	24	static
idp005_motion_sensors_ex.c:573:9:IDP005_MOTION_SENSOR_Disable_Double_Tap_Detection	24	static
idp005_motion_sensors_ex.c:606:9:IDP005_MOTION_SENSOR_Set_Tap_Threshold	24	static
idp005_motion_sensors_ex.c:639:9:IDP005_MOTION_SENSOR_Set_Tap_Shock_Time	24	static
idp005_motion_sensors_ex.c:672:9:IDP005_MOTION_SENSOR_Set_Tap_Quiet_Time	24	static
idp005_motion_sensors_ex.c:705:9:IDP005_MOTION_SENSOR_Set_Tap_Duration_Time	24	static
idp005_motion_sensors_ex.c:739:9:IDP005_MOTION_SENSOR_Enable_Tilt_Detection	24	static
idp005_motion_sensors_ex.c:771:9:IDP005_MOTION_SENSOR_Disable_Tilt_Detection	24	static
idp005_motion_sensors_ex.c:805:9:IDP005_MOTION_SENSOR_Enable_Wake_Up_Detection	24	static
idp005_motion_sensors_ex.c:837:9:IDP005_MOTION_SENSOR_Disable_Wake_Up_Detection	24	static
idp005_motion_sensors_ex.c:870:9:IDP005_MOTION_SENSOR_Set_Wake_Up_Threshold	24	static
idp005_motion_sensors_ex.c:903:9:IDP005_MOTION_SENSOR_Set_Wake_Up_Duration	24	static
idp005_motion_sensors_ex.c:936:9:IDP005_MOTION_SENSOR_Get_Event_Status	24	static
idp005_motion_sensors_ex.c:974:9:IDP005_MOTION_SENSOR_Get_DRDY_Status	32	static
idp005_motion_sensors_ex.c:1025:9:IDP005_MOTION_SENSOR_Get_6D_Orientation_XL	24	static
idp005_motion_sensors_ex.c:1058:9:IDP005_MOTION_SENSOR_Get_6D_Orientation_XH	24	static
idp005_motion_sensors_ex.c:1091:9:IDP005_MOTION_SENSOR_Get_6D_Orientation_YL	24	static
idp005_motion_sensors_ex.c:1124:9:IDP005_MOTION_SENSOR_Get_6D_Orientation_YH	24	static
idp005_motion_sensors_ex.c:1157:9:IDP005_MOTION_SENSOR_Get_6D_Orientation_ZL	24	static
idp005_motion_sensors_ex.c:1190:9:IDP005_MOTION_SENSOR_Get_6D_Orientation_ZH	24	static
idp005_motion_sensors_ex.c:1224:9:IDP005_MOTION_SENSOR_Read_Register	32	static
idp005_motion_sensors_ex.c:1258:9:IDP005_MOTION_SENSOR_Write_Register	24	static
idp005_motion_sensors_ex.c:1291:9:IDP005_MOTION_SENSOR_FIFO_Get_Num_Samples	24	static
idp005_motion_sensors_ex.c:1324:9:IDP005_MOTION_SENSOR_FIFO_Get_Full_Status	24	static
idp005_motion_sensors_ex.c:1359:9:IDP005_MOTION_SENSOR_FIFO_Set_Decimation	32	static
idp005_motion_sensors_ex.c:1410:9:IDP005_MOTION_SENSOR_FIFO_Set_ODR_Value	24	static
idp005_motion_sensors_ex.c:1443:9:IDP005_MOTION_SENSOR_FIFO_Set_INT1_FIFO_Full	24	static
idp005_motion_sensors_ex.c:1476:9:IDP005_MOTION_SENSOR_FIFO_Set_INT2_FIFO_Full	24	static
idp005_motion_sensors_ex.c:1509:9:IDP005_MOTION_SENSOR_FIFO_Set_Watermark_Level	24	static
idp005_motion_sensors_ex.c:1542:9:IDP005_MOTION_SENSOR_FIFO_Set_Stop_On_Fth	24	static
idp005_motion_sensors_ex.c:1575:9:IDP005_MOTION_SENSOR_FIFO_Set_Mode	24	static
idp005_motion_sensors_ex.c:1608:9:IDP005_MOTION_SENSOR_FIFO_Get_Pattern	24	static
idp005_motion_sensors_ex.c:1643:9:IDP005_MOTION_SENSOR_FIFO_Get_Data_Word	32	static
idp005_motion_sensors_ex.c:1691:9:IDP005_MOTION_SENSOR_FIFO_Get_Axis	32	static
idp005_motion_sensors_ex.c:1744:9:IDP005_MOTION_SENSOR_Set_SelfTest	32	static
