idp005_bus.c:108:9:BSP_I2C1_Init	16	static
idp005_bus.c:152:9:BSP_I2C1_DeInit	16	static
idp005_bus.c:173:9:BSP_I2C1_IsReady	8	static
idp005_bus.c:185:9:BSP_I2C1_WriteReg	48	static
idp005_bus.c:205:10:BSP_I2C1_ReadReg	48	static
idp005_bus.c:226:9:BSP_I2C1_WriteReg16	48	static
idp005_bus.c:246:10:BSP_I2C1_ReadReg16	48	static
idp005_bus.c:267:9:BSP_I2C1_Send	32	static
idp005_bus.c:286:9:BSP_I2C1_Recv	32	static
idp005_bus.c:306:9:BSP_I2C1_SendRecv	32	static
idp005_bus.c:379:26:MX_I2C1_Init	24	static
idp005_bus.c:398:13:I2C1_MspInit	48	static
idp005_bus.c:430:13:I2C1_MspDeInit	16	static
idp005_bus.c:449:9:BSP_SPI1_Init	16	static
idp005_bus.c:484:9:BSP_SPI1_DeInit	16	static
idp005_bus.c:504:9:BSP_SPI1_Send	24	static
idp005_bus.c:521:10:BSP_SPI1_Recv	24	static
idp005_bus.c:538:9:BSP_SPI1_SendRecv	40	static
idp005_bus.c:551:26:MX_SPI1_Init	24	static
idp005_bus.c:574:13:SPI1_MspInit	56	static
idp005_bus.c:612:13:SPI1_MspDeInit	16	static
