stm32f4xx_it.c:61:6:NMI_Handler	4	static
stm32f4xx_it.c:70:6:HardFault_Handler	4	static
stm32f4xx_it.c:83:6:MemManage_Handler	4	static
stm32f4xx_it.c:96:6:BusFault_Handler	4	static
stm32f4xx_it.c:109:6:UsageFault_Handler	4	static
stm32f4xx_it.c:122:6:SVC_Handler	4	static
stm32f4xx_it.c:131:6:DebugMon_Handler	4	static
stm32f4xx_it.c:140:6:PendSV_Handler	4	static
stm32f4xx_it.c:149:6:SysTick_Handler	8	static
stm32f4xx_it.c:168:6:EXTI0_IRQHandler	8	static
stm32f4xx_it.c:180:6:EXTI3_IRQHandler	8	static
stm32f4xx_it.c:192:6:EXTI4_IRQHandler	8	static
stm32f4xx_it.c:200:6:EXTI1_IRQHandler	8	static
stm32f4xx_it.c:212:6:UART5_IRQHandler	8	static
stm32f4xx_it.c:221:6:DMA1_Stream7_IRQHandler	8	static
stm32f4xx_it.c:229:6:DMA1_Stream0_IRQHandler	8	static
stm32f4xx_it.c:239:6:EXTI9_5_IRQHandler	8	static
