syscalls.c:35:9:_sbrk	24	static
syscalls.c:71:5:_gettimeofday	16	static
syscalls.c:82:6:initialise_monitor_handles	4	static
syscalls.c:86:5:_getpid	4	static
syscalls.c:91:5:_kill	16	static
unistd.h:18:6:_exit	16	static
syscalls.c:103:5:_write	32	static
syscalls.c:114:5:_close	16	static
syscalls.c:119:5:_fstat	16	static
syscalls.c:125:5:_isatty	16	static
syscalls.c:130:5:_lseek	24	static
syscalls.c:135:5:_read	24	static
syscalls.c:142:5:_open	12	static
wait.h:38:7:_wait	16	static
syscalls.c:154:5:_unlink	16	static
syscalls.c:160:5:_times	16	static
syscalls.c:165:5:_stat	16	static
syscalls.c:171:5:_link	16	static
syscalls.c:177:5:_fork	8	static
syscalls.c:183:5:_execve	24	static
