stm32f4xx_hal_uart.c:203:6:MX_USART2_UART_Init	8	static
stm32f4xx_hal_uart.c:259:19:HAL_UART_Init	16	static
stm32f4xx_hal_uart.c:321:19:HAL_HalfDuplex_Init	16	static
stm32f4xx_hal_uart.c:381:19:HAL_LIN_Init	16	static
stm32f4xx_hal_uart.c:447:19:HAL_MultiProcessor_Init	24	static
stm32f4xx_hal_uart.c:510:19:HAL_UART_DeInit	16	static
stm32f4xx_hal_uart.c:542:14:HAL_UART_MspInit	16	static
stm32f4xx_hal_uart.c:557:14:HAL_UART_MspDeInit	16	static
stm32f4xx_hal_uart.c:631:19:HAL_UART_Transmit	40	static
stm32f4xx_hal_uart.c:713:19:HAL_UART_Receive	40	static
stm32f4xx_hal_uart.c:801:19:HAL_UART_Transmit_IT	24	static
stm32f4xx_hal_uart.c:843:19:HAL_UART_Receive_IT	24	static
stm32f4xx_hal_uart.c:888:19:HAL_UART_Transmit_DMA	32	static
stm32f4xx_hal_uart.c:953:19:HAL_UART_Receive_DMA	32	static
stm32f4xx_hal_uart.c:1020:19:HAL_UART_DMAPause	24	static
stm32f4xx_hal_uart.c:1055:19:HAL_UART_DMAResume	24	static
stm32f4xx_hal_uart.c:1090:19:HAL_UART_DMAStop	24	static
stm32f4xx_hal_uart.c:1142:19:HAL_UART_Abort	16	static
stm32f4xx_hal_uart.c:1206:19:HAL_UART_AbortTransmit	16	static
stm32f4xx_hal_uart.c:1248:19:HAL_UART_AbortReceive	16	static
stm32f4xx_hal_uart.c:1293:19:HAL_UART_Abort_IT	24	static
stm32f4xx_hal_uart.c:1415:19:HAL_UART_AbortTransmit_IT	16	static
stm32f4xx_hal_uart.c:1480:19:HAL_UART_AbortReceive_IT	16	static
stm32f4xx_hal_uart.c:1538:6:HAL_UART_IRQHandler	40	static
stm32f4xx_hal_uart.c:1665:14:HAL_UART_TxCpltCallback	16	static
stm32f4xx_hal_uart.c:1680:14:HAL_UART_TxHalfCpltCallback	16	static
stm32f4xx_hal_uart.c:1695:13:HAL_UART_RxCpltCallback	16	static
stm32f4xx_hal_uart.c:1710:13:HAL_UART_RxHalfCpltCallback	16	static
stm32f4xx_hal_uart.c:1725:14:HAL_UART_ErrorCallback	16	static
stm32f4xx_hal_uart.c:1739:13:HAL_UART_AbortCpltCallback	16	static
stm32f4xx_hal_uart.c:1753:13:HAL_UART_AbortTransmitCpltCallback	16	static
stm32f4xx_hal_uart.c:1768:13:HAL_UART_AbortReceiveCpltCallback	16	static
stm32f4xx_hal_uart.c:1805:19:HAL_LIN_SendBreak	16	static
stm32f4xx_hal_uart.c:1832:19:HAL_MultiProcessor_EnterMuteMode	16	static
stm32f4xx_hal_uart.c:1859:19:HAL_MultiProcessor_ExitMuteMode	16	static
stm32f4xx_hal_uart.c:1886:19:HAL_HalfDuplex_EnableTransmitter	24	static
stm32f4xx_hal_uart.c:1921:19:HAL_HalfDuplex_EnableReceiver	24	static
stm32f4xx_hal_uart.c:1978:23:HAL_UART_GetState	24	static
stm32f4xx_hal_uart.c:1993:10:HAL_UART_GetError	16	static
stm32f4xx_hal_uart.c:2007:13:UART_DMATransmitCplt	24	static
stm32f4xx_hal_uart.c:2036:13:UART_DMATxHalfCplt	24	static
stm32f4xx_hal_uart.c:2048:13:UART_DMAReceiveCplt	24	static
stm32f4xx_hal_uart.c:2076:13:UART_DMARxHalfCplt	24	static
stm32f4xx_hal_uart.c:2088:13:UART_DMAError	24	static
stm32f4xx_hal_uart.c:2123:26:UART_WaitOnFlagUntilTimeout	24	static
stm32f4xx_hal_uart.c:2156:13:UART_EndTxTransfer	16	static
stm32f4xx_hal_uart.c:2170:13:UART_EndRxTransfer	16	static
stm32f4xx_hal_uart.c:2186:13:UART_DMAAbortOnError	24	static
stm32f4xx_hal_uart.c:2203:13:UART_DMATxAbortCallback	24	static
stm32f4xx_hal_uart.c:2241:13:UART_DMARxAbortCallback	24	static
stm32f4xx_hal_uart.c:2279:13:UART_DMATxOnlyAbortCallback	24	static
stm32f4xx_hal_uart.c:2300:13:UART_DMARxOnlyAbortCallback	24	static
stm32f4xx_hal_uart.c:2319:26:UART_Transmit_IT	24	static
stm32f4xx_hal_uart.c:2366:26:UART_EndTransmit_IT	16	static
stm32f4xx_hal_uart.c:2385:26:UART_Receive_IT	24	static
stm32f4xx_hal_uart.c:2447:13:UART_SetConfig	32	static
